client,available,held,total,locked
11,6.0000,0.0000,6.0000,false
12,2.0000,0.0000,2.0000,false
